// Jest Snapshot v1, https://goo.gl/fbAQLP

exports[`matches snapshot 1`] = `
<div>
  <form
    onSubmit={[Function]}
  >
    <div
      className="form-group"
    >
      <label
        htmlFor="username"
      >
        Username 
      </label>
      <input
        className="form-control"
        disabled={true}
        id="username"
        name="username"
        onChange={[Function]}
      />
    </div>
    <div
      className="form-group"
    >
      <label
        htmlFor="password"
      >
        Password 
      </label>
      <input
        className="form-control"
        id="password"
        name="password"
        onChange={[Function]}
        type="password"
        value=""
      />
    </div>
    <div
      className="form-group"
    >
      <label
        htmlFor="first_name"
      >
        Firstname 
      </label>
      <input
        className="form-control"
        id="first_name"
        name="first_name"
        onChange={[Function]}
      />
    </div>
    <div
      className="form-group"
    >
      <label
        htmlFor="last_name"
      >
        Lastname 
      </label>
      <input
        className="form-control"
        id="last_name"
        name="last_name"
        onChange={[Function]}
      />
    </div>
    <div
      className="form-group"
    >
      <label
        htmlFor="email"
      >
        Email 
      </label>
      <input
        className="form-control"
        id="email"
        name="email"
        onChange={[Function]}
      />
    </div>
    <button
      className="btn btn-primary"
    >
      Update
    </button>
  </form>
</div>
`;
